// Jest Snapshot v1, https://goo.gl/fbAQLP

exports[`Pruedas del componente GifItem debe de hacer match con el snapshot 1`] = `
<div>
  <div
    class="card"
  >
    <img />
    <p />
  </div>
</div>
`;
